// Jest Snapshot v1, https://goo.gl/fbAQLP

exports[`ObservationFormsContainer Rendering and Structure should match the snapshot when not viewing a form 1`] = `<div />`;

exports[`ObservationFormsContainer Rendering and Structure should match the snapshot when viewing a form 1`] = `
<div>
  <div
    class="formViewActionArea"
    data-testid="action-area"
  >
    <div
      data-testid="action-area-title"
    >
      <span
        data-testid="observation-form-name"
      >
        Test Form
      </span>
    </div>
    <div
      data-testid="action-area-header-actions"
    >
      <span
        class="cds--popover-container cds--popover--caret cds--popover--high-contrast cds--popover--top cds--tooltip cds--icon-tooltip"
      >
        <div
          class="cds--tooltip-trigger__wrapper"
        >
          <button
            aria-labelledby="tooltip-_r_5_"
            aria-pressed="false"
            class="pinIconContainer unpinned cds--btn cds--btn--sm cds--layout--size-sm cds--btn--ghost cds--btn--icon-only"
            type="button"
          >
            <div
              data-icon-name="fa-thumbtack"
              data-size="SM"
              data-testid="icon-pin-icon"
            >
              Icon
            </div>
          </button>
        </div>
        <span
          aria-hidden="true"
          class="cds--popover"
          id="tooltip-_r_5_"
          role="tooltip"
        >
          <span
            class="cds--popover-content cds--tooltip-content"
          >
            translated_OBSERVATION_FORMS_PIN_TOOLTIP
          </span>
          <span
            class="cds--popover-caret"
          />
        </span>
      </span>
    </div>
    <div
      data-testid="action-area-content"
    >
      <div
        class="formView"
        data-testid="observation-form-view"
      >
        <div
          class="formContent"
          data-testid="observation-form-content"
        >
          <div
            role="alert"
          >
            <p>
              translated_OBSERVATION_FORM_READ_UNAVAILABLE
            </p>
            <button>
              translated_OBSERVATION_FORM_TRY_AGAIN
            </button>
          </div>
        </div>
      </div>
    </div>
    <div
      data-testid="action-area-buttons"
    >
      <button
        data-testid="primary-button"
        disabled=""
      >
        translated_OBSERVATION_FORM_SAVE_BUTTON
      </button>
      <button
        data-testid="secondary-button"
      >
        translated_OBSERVATION_FORM_DISCARD_BUTTON
      </button>
      <button
        data-testid="tertiary-button"
      />
    </div>
  </div>
</div>
`;
